src/app/(auth)/register/page.tsx(128,13): error TS2353: Object literal may only specify known properties, and 'id' does not exist in type 'never[]'.
src/app/(dashboard)/ai-chat/page.tsx(101,44): error TS2339: Property 'id' does not exist on type 'never'.
src/app/(dashboard)/ai-chat/page.tsx(111,12): error TS2353: Object literal may only specify known properties, and 'title' does not exist in type 'never[]'.
src/app/(dashboard)/ai-chat/page.tsx(121,28): error TS2339: Property 'id' does not exist on type 'never'.
src/app/(dashboard)/ai-chat/page.tsx(157,11): error TS2353: Object literal may only specify known properties, and 'conversation_id' does not exist in type 'never[]'.
src/app/(dashboard)/ai-chat/page.tsx(165,17): error TS2345: Argument of type '{ updated_at: string; }' is not assignable to parameter of type 'never'.
src/app/(dashboard)/ai-chat/page.tsx(186,13): error TS2353: Object literal may only specify known properties, and 'conversation_id' does not exist in type 'never[]'.
src/app/(dashboard)/ai-chat/page.tsx(194,25): error TS2339: Property 'id' does not exist on type 'never'.
src/app/(dashboard)/ai-chat/page.tsx(239,21): error TS2322: Type '"user" | "assistant" | "system"' is not assignable to type '"user" | "assistant"'.
  Type '"system"' is not assignable to type '"user" | "assistant"'.
src/app/(dashboard)/ai-review/page.tsx(34,40): error TS2339: Property 'id' does not exist on type 'never'.
src/app/(dashboard)/ai-review/page.tsx(82,11): error TS2353: Object literal may only specify known properties, and 'file_path' does not exist in type 'never[]'.
src/app/(dashboard)/ai-review/page.tsx(102,27): error TS2339: Property 'id' does not exist on type 'never'.
src/app/(dashboard)/ai-review/page.tsx(114,17): error TS2345: Argument of type '{ review_id: any; severity: string; category: string; title: string; description: string; file_path: string; line_number: number; suggestion: string; }[]' is not assignable to parameter of type 'never[]'.
  Type '{ review_id: any; severity: string; category: string; title: string; description: string; file_path: string; line_number: number; suggestion: string; }' is not assignable to type 'never'.
src/app/(dashboard)/ai-review/page.tsx(123,53): error TS2339: Property 'id' does not exist on type 'never'.
src/app/(dashboard)/ai-review/results/page.tsx(47,17): error TS2339: Property 'id' does not exist on type 'never'.
src/app/(dashboard)/ai-review/results/page.tsx(48,20): error TS2339: Property 'title' does not exist on type 'never'.
src/app/(dashboard)/ai-review/results/page.tsx(49,23): error TS2339: Property 'severity' does not exist on type 'never'.
src/app/(dashboard)/ai-review/results/page.tsx(50,23): error TS2339: Property 'category' does not exist on type 'never'.
src/app/(dashboard)/ai-review/results/page.tsx(51,26): error TS2339: Property 'description' does not exist on type 'never'.
src/app/(dashboard)/ai-review/results/page.tsx(52,19): error TS2339: Property 'file_path' does not exist on type 'never'.
src/app/(dashboard)/ai-review/results/page.tsx(53,19): error TS2339: Property 'line_number' does not exist on type 'never'.
src/app/(dashboard)/ai-review/results/page.tsx(54,25): error TS2339: Property 'suggestion' does not exist on type 'never'.
src/app/(dashboard)/dashboard/page.tsx(68,19): error TS2339: Property 'status' does not exist on type 'never'.
src/app/(dashboard)/dashboard/page.tsx(68,58): error TS2339: Property 'status' does not exist on type 'never'.
src/app/(dashboard)/dashboard/page.tsx(88,19): error TS2339: Property 'id' does not exist on type 'never'.
src/app/(dashboard)/dashboard/page.tsx(89,21): error TS2339: Property 'action' does not exist on type 'never'.
src/app/(dashboard)/dashboard/page.tsx(90,23): error TS2339: Property 'action' does not exist on type 'never'.
src/app/(dashboard)/dashboard/page.tsx(91,23): error TS2339: Property 'resource' does not exist on type 'never'.
src/app/(dashboard)/dashboard/page.tsx(92,30): error TS2339: Property 'created_at' does not exist on type 'never'.
src/app/(dashboard)/dashboard/page.tsx(94,24): error TS2339: Property 'user' does not exist on type 'never'.
src/app/(dashboard)/dashboard/page.tsx(95,26): error TS2339: Property 'user' does not exist on type 'never'.
src/app/(dashboard)/docs/page.tsx(32,34): error TS2339: Property 'id' does not exist on type 'never'.
src/app/(dashboard)/docs/page.tsx(56,44): error TS2339: Property 'id' does not exist on type 'never'.
src/app/(dashboard)/docs/page.tsx(67,13): error TS2353: Object literal may only specify known properties, and 'workspace_id' does not exist in type 'never[]'.
src/app/(dashboard)/docs/page.tsx(82,31): error TS2339: Property 'id' does not exist on type 'never'.
src/app/(dashboard)/meetings/page.tsx(45,39): error TS2339: Property 'id' does not exist on type 'never'.
src/app/(dashboard)/meetings/page.tsx(92,42): error TS2339: Property 'id' does not exist on type 'never'.
src/app/(dashboard)/meetings/page.tsx(102,13): error TS2353: Object literal may only specify known properties, and 'project_id' does not exist in type 'never[]'.
src/app/(dashboard)/meetings/page.tsx(123,13): error TS2322: Type '{ meeting_id: any; text: string; created_by: string; }' is not assignable to type 'never'.
src/app/(dashboard)/meetings/page.tsx(123,35): error TS2339: Property 'id' does not exist on type 'never'.
src/app/(dashboard)/meetings/page.tsx(124,13): error TS2322: Type '{ meeting_id: any; text: string; created_by: string; }' is not assignable to type 'never'.
src/app/(dashboard)/meetings/page.tsx(124,35): error TS2339: Property 'id' does not exist on type 'never'.
src/app/(dashboard)/meetings/page.tsx(149,17): error TS2345: Argument of type '{ done: boolean; }' is not assignable to parameter of type 'never'.
src/app/(dashboard)/notifications/page.tsx(37,19): error TS2339: Property 'id' does not exist on type 'never'.
src/app/(dashboard)/notifications/page.tsx(38,21): error TS2339: Property 'type' does not exist on type 'never'.
src/app/(dashboard)/notifications/page.tsx(39,22): error TS2339: Property 'title' does not exist on type 'never'.
src/app/(dashboard)/notifications/page.tsx(40,24): error TS2339: Property 'message' does not exist on type 'never'.
src/app/(dashboard)/notifications/page.tsx(41,30): error TS2339: Property 'created_at' does not exist on type 'never'.
src/app/(dashboard)/notifications/page.tsx(42,21): error TS2339: Property 'read' does not exist on type 'never'.
src/app/(dashboard)/notifications/page.tsx(63,51): error TS2345: Argument of type '{ read: boolean; }' is not assignable to parameter of type 'never'.
src/app/(dashboard)/projects/[id]/page.tsx(35,29): error TS2339: Property 'project_members' does not exist on type 'never'.
src/app/(dashboard)/projects/[id]/page.tsx(42,22): error TS2339: Property 'id' does not exist on type 'never'.
src/app/(dashboard)/projects/[id]/page.tsx(43,24): error TS2339: Property 'name' does not exist on type 'never'.
src/app/(dashboard)/projects/[id]/page.tsx(44,31): error TS2339: Property 'description' does not exist on type 'never'.
src/app/(dashboard)/projects/[id]/page.tsx(45,26): error TS2339: Property 'status' does not exist on type 'never'.
src/app/(dashboard)/projects/[id]/page.tsx(46,28): error TS2339: Property 'progress' does not exist on type 'never'.
src/app/(dashboard)/projects/[id]/page.tsx(47,38): error TS2339: Property 'created_at' does not exist on type 'never'.
src/app/(dashboard)/projects/[id]/page.tsx(48,40): error TS2339: Property 'updated_at' does not exist on type 'never'.
src/app/(dashboard)/projects/[id]/page.tsx(114,34): error TS7006: Parameter 'm' implicitly has an 'any' type.
src/app/(dashboard)/projects/page.tsx(39,11): error TS2698: Spread types may only be created from object types.
src/app/(dashboard)/projects/page.tsx(40,26): error TS2339: Property 'created_at' does not exist on type 'never'.
src/app/(dashboard)/projects/page.tsx(40,50): error TS2339: Property 'created_at' does not exist on type 'never'.
src/app/(dashboard)/projects/page.tsx(41,20): error TS2339: Property 'team' does not exist on type 'never'.
src/app/(dashboard)/settings/page.tsx(62,17): error TS2345: Argument of type '{ name: string; bio: string; timezone: string; }' is not assignable to parameter of type 'never'.
src/app/(dashboard)/workspaces/[id]/page.tsx(74,18): error TS2339: Property 'id' does not exist on type 'never'.
src/app/(dashboard)/workspaces/[id]/page.tsx(75,20): error TS2339: Property 'name' does not exist on type 'never'.
src/app/(dashboard)/workspaces/[id]/page.tsx(76,27): error TS2339: Property 'description' does not exist on type 'never'.
src/app/(dashboard)/workspaces/[id]/page.tsx(77,26): error TS2339: Property 'visibility' does not exist on type 'never'.
src/app/(dashboard)/workspaces/[id]/page.tsx(258,12): error TS2741: Property 'data' is missing in type '{}' but required in type '{ data: ActivityFeedItem[]; }'.
src/app/(dashboard)/workspaces/page.tsx(40,36): error TS2339: Property 'id' does not exist on type 'never'.
src/app/(dashboard)/workspaces/page.tsx(46,36): error TS2339: Property 'id' does not exist on type 'never'.
src/app/(dashboard)/workspaces/page.tsx(49,20): error TS2339: Property 'id' does not exist on type 'never'.
src/app/(dashboard)/workspaces/page.tsx(50,22): error TS2339: Property 'name' does not exist on type 'never'.
src/app/(dashboard)/workspaces/page.tsx(51,29): error TS2339: Property 'description' does not exist on type 'never'.
src/app/(dashboard)/workspaces/page.tsx(52,28): error TS2339: Property 'visibility' does not exist on type 'never'.
src/app/(dashboard)/workspaces/page.tsx(57,27): error TS2339: Property 'created_at' does not exist on type 'never'.
src/components/analytics/WorkspaceAnalytics.tsx(19,27): error TS2339: Property 'status' does not exist on type 'never'.
src/components/analytics/WorkspaceAnalytics.tsx(20,25): error TS2339: Property 'status' does not exist on type 'never'.
src/components/kanban/CreateTaskModal.tsx(70,44): error TS2339: Property 'id' does not exist on type 'never'.
src/components/kanban/CreateTaskModal.tsx(117,13): error TS2353: Object literal may only specify known properties, and 'name' does not exist in type 'never[]'.
src/components/kanban/CreateTaskModal.tsx(125,32): error TS2339: Property 'id' does not exist on type 'never'.
src/components/kanban/CreateTaskModal.tsx(131,11): error TS2353: Object literal may only specify known properties, and 'title' does not exist in type 'never[]'.
src/components/kanban/EditTaskModal.tsx(103,17): error TS2345: Argument of type '{ title: string; description: string; status: "backlog" | "todo" | "in-progress" | "review" | "done" | undefined; priority: "critical" | "high" | "medium" | "low" | undefined; assignee_id: string | null; due_date: string | null; }' is not assignable to parameter of type 'never'.
src/components/kanban/KanbanBoard.tsx(114,17): error TS2345: Argument of type '{ status: TaskStatus; }' is not assignable to parameter of type 'never'.
src/components/projects/CreateProjectModal.tsx(70,11): error TS2353: Object literal may only specify known properties, and 'name' does not exist in type 'never[]'.
src/components/projects/CreateProjectModal.tsx(82,26): error TS2339: Property 'id' does not exist on type 'never'.
src/components/projects/CreateProjectModal.tsx(83,28): error TS2339: Property 'name' does not exist on type 'never'.
src/components/projects/CreateProjectModal.tsx(84,35): error TS2339: Property 'description' does not exist on type 'never'.
src/components/projects/CreateProjectModal.tsx(85,30): error TS2339: Property 'status' does not exist on type 'never'.
src/components/projects/CreateProjectModal.tsx(86,32): error TS2339: Property 'progress' does not exist on type 'never'.
src/components/projects/CreateProjectModal.tsx(89,33): error TS2339: Property 'created_at' does not exist on type 'never'.
src/components/workspace/CreateWorkspaceModal.tsx(70,11): error TS2353: Object literal may only specify known properties, and 'name' does not exist in type 'never[]'.
src/components/workspace/CreateWorkspaceModal.tsx(81,19): error TS2339: Property 'id' does not exist on type 'never'.
src/components/workspace/CreateWorkspaceModal.tsx(82,21): error TS2339: Property 'name' does not exist on type 'never'.
src/components/workspace/CreateWorkspaceModal.tsx(83,28): error TS2339: Property 'description' does not exist on type 'never'.
src/components/workspace/CreateWorkspaceModal.tsx(84,27): error TS2339: Property 'visibility' does not exist on type 'never'.
src/components/workspace/CreateWorkspaceModal.tsx(89,26): error TS2339: Property 'created_at' does not exist on type 'never'.
